15:27:09 **** Incremental Build of configuration Debug for project axi_spi_ms ****
make all 
'Building file: ../src/helloworld.c'
'Invoking: MicroBlaze gcc compiler'
mb-gcc -Wall -O0 -g3 -c -fmessage-length=0 -MT"src/helloworld.o" -IC:/work/CPUDesignandVerification/250522_SPI_M_S/vitis/design_1_wrapper/export/design_1_wrapper/sw/design_1_wrapper/standalone_microblaze_0/bspinclude/include -mlittle-endian -mcpu=v11.0 -mxl-soft-mul -Wl,--no-relax -ffunction-sections -fdata-sections -MMD -MP -MF"src/helloworld.d" -MT"src/helloworld.o" -o "src/helloworld.o" "../src/helloworld.c"
'Finished building: ../src/helloworld.c'
' '
'Building target: axi_spi_ms.elf'
'Invoking: MicroBlaze gcc linker'
mb-gcc -Wl,-T -Wl,../src/lscript.ld -LC:/work/CPUDesignandVerification/250522_SPI_M_S/vitis/design_1_wrapper/export/design_1_wrapper/sw/design_1_wrapper/standalone_microblaze_0/bsplib/lib -mlittle-endian -mcpu=v11.0 -mxl-soft-mul -Wl,--no-relax -Wl,--gc-sections -o "axi_spi_ms.elf"  ./src/helloworld.o ./src/platform.o   -Wl,--start-group,-lxil,-lgcc,-lc,--end-group
'Finished building target: axi_spi_ms.elf'
' '
'Invoking: MicroBlaze Print Size'
mb-size axi_spi_ms.elf  |tee "axi_spi_ms.elf.size"
   text	   data	    bss	    dec	    hex	filename
   5736	    268	   3108	   9112	   2398	axi_spi_ms.elf
'Finished building: axi_spi_ms.elf.size'
' '

15:27:11 Build Finished (took 1s.115ms)

